------------------------------------------------------------
Timing Analyzer Summary
------------------------------------------------------------

Type  : Slow 1200mV 85C Model Setup 'CLOCK_50'
Slack : -3.427
TNS   : -57.491

Type  : Slow 1200mV 85C Model Setup 'PS2_CLK'
Slack : -0.205
TNS   : -0.521

Type  : Slow 1200mV 85C Model Setup 'vga_clk_instance|altpll_component|auto_generated|pll1|clk[0]'
Slack : 13.043
TNS   : 0.000

Type  : Slow 1200mV 85C Model Hold 'CLOCK_50'
Slack : 0.384
TNS   : 0.000

Type  : Slow 1200mV 85C Model Hold 'vga_clk_instance|altpll_component|auto_generated|pll1|clk[0]'
Slack : 0.401
TNS   : 0.000

Type  : Slow 1200mV 85C Model Hold 'PS2_CLK'
Slack : 0.461
TNS   : 0.000

Type  : Slow 1200mV 85C Model Recovery 'PS2_CLK'
Slack : 0.050
TNS   : 0.000

Type  : Slow 1200mV 85C Model Recovery 'CLOCK_50'
Slack : 15.029
TNS   : 0.000

Type  : Slow 1200mV 85C Model Removal 'PS2_CLK'
Slack : 0.183
TNS   : 0.000

Type  : Slow 1200mV 85C Model Removal 'CLOCK_50'
Slack : 1.855
TNS   : 0.000

Type  : Slow 1200mV 85C Model Minimum Pulse Width 'PS2_CLK'
Slack : -3.000
TNS   : -28.700

Type  : Slow 1200mV 85C Model Minimum Pulse Width 'CLOCK_50'
Slack : 9.622
TNS   : 0.000

Type  : Slow 1200mV 85C Model Minimum Pulse Width 'vga_clk_instance|altpll_component|auto_generated|pll1|clk[0]'
Slack : 19.708
TNS   : 0.000

Type  : Slow 1200mV 0C Model Setup 'CLOCK_50'
Slack : -3.175
TNS   : -52.757

Type  : Slow 1200mV 0C Model Setup 'PS2_CLK'
Slack : -0.088
TNS   : -0.118

Type  : Slow 1200mV 0C Model Setup 'vga_clk_instance|altpll_component|auto_generated|pll1|clk[0]'
Slack : 13.715
TNS   : 0.000

Type  : Slow 1200mV 0C Model Hold 'CLOCK_50'
Slack : 0.337
TNS   : 0.000

Type  : Slow 1200mV 0C Model Hold 'vga_clk_instance|altpll_component|auto_generated|pll1|clk[0]'
Slack : 0.353
TNS   : 0.000

Type  : Slow 1200mV 0C Model Hold 'PS2_CLK'
Slack : 0.425
TNS   : 0.000

Type  : Slow 1200mV 0C Model Recovery 'PS2_CLK'
Slack : 0.264
TNS   : 0.000

Type  : Slow 1200mV 0C Model Recovery 'CLOCK_50'
Slack : 15.442
TNS   : 0.000

Type  : Slow 1200mV 0C Model Removal 'PS2_CLK'
Slack : 0.062
TNS   : 0.000

Type  : Slow 1200mV 0C Model Removal 'CLOCK_50'
Slack : 1.709
TNS   : 0.000

Type  : Slow 1200mV 0C Model Minimum Pulse Width 'PS2_CLK'
Slack : -3.000
TNS   : -28.700

Type  : Slow 1200mV 0C Model Minimum Pulse Width 'CLOCK_50'
Slack : 9.643
TNS   : 0.000

Type  : Slow 1200mV 0C Model Minimum Pulse Width 'vga_clk_instance|altpll_component|auto_generated|pll1|clk[0]'
Slack : 19.710
TNS   : 0.000

Type  : Fast 1200mV 0C Model Setup 'CLOCK_50'
Slack : -1.334
TNS   : -17.259

Type  : Fast 1200mV 0C Model Setup 'PS2_CLK'
Slack : 0.433
TNS   : 0.000

Type  : Fast 1200mV 0C Model Setup 'vga_clk_instance|altpll_component|auto_generated|pll1|clk[0]'
Slack : 16.169
TNS   : 0.000

Type  : Fast 1200mV 0C Model Hold 'CLOCK_50'
Slack : 0.173
TNS   : 0.000

Type  : Fast 1200mV 0C Model Hold 'vga_clk_instance|altpll_component|auto_generated|pll1|clk[0]'
Slack : 0.181
TNS   : 0.000

Type  : Fast 1200mV 0C Model Hold 'PS2_CLK'
Slack : 0.204
TNS   : 0.000

Type  : Fast 1200mV 0C Model Recovery 'PS2_CLK'
Slack : 0.353
TNS   : 0.000

Type  : Fast 1200mV 0C Model Recovery 'CLOCK_50'
Slack : 17.244
TNS   : 0.000

Type  : Fast 1200mV 0C Model Removal 'PS2_CLK'
Slack : 0.193
TNS   : 0.000

Type  : Fast 1200mV 0C Model Removal 'CLOCK_50'
Slack : 0.903
TNS   : 0.000

Type  : Fast 1200mV 0C Model Minimum Pulse Width 'PS2_CLK'
Slack : -3.000
TNS   : -29.812

Type  : Fast 1200mV 0C Model Minimum Pulse Width 'CLOCK_50'
Slack : 9.371
TNS   : 0.000

Type  : Fast 1200mV 0C Model Minimum Pulse Width 'vga_clk_instance|altpll_component|auto_generated|pll1|clk[0]'
Slack : 19.780
TNS   : 0.000

------------------------------------------------------------
